ERROR 2018/04/29 22:03:10.94004 new: error
ERROR 2018/04/29 22:03:10.94027 new: main: main.cpp:47 : error
